mode: set
github.com/booscaa/order-process-go/microservices/order-service/internal/core/domain/order.go:33.58,35.2 1 0
github.com/booscaa/order-process-go/microservices/order-service/cmd/main.go:8.13,10.2 1 0
github.com/booscaa/order-process-go/microservices/order-service/internal/core/usecase/orderusecase/new.go:16.103,18.16 2 0
github.com/booscaa/order-process-go/microservices/order-service/internal/core/usecase/orderusecase/new.go:18.16,20.3 1 0
github.com/booscaa/order-process-go/microservices/order-service/internal/core/usecase/orderusecase/new.go:22.2,26.16 2 0
github.com/booscaa/order-process-go/microservices/order-service/internal/core/usecase/orderusecase/new.go:26.16,28.3 1 0
github.com/booscaa/order-process-go/microservices/order-service/internal/core/usecase/orderusecase/new.go:30.2,30.26 1 0
github.com/booscaa/order-process-go/microservices/order-service/internal/core/usecase/orderusecase/new.go:36.23,41.2 1 0
github.com/booscaa/order-process-go/microservices/order-service/cmd/cmd/root.go:29.16,31.16 2 0
github.com/booscaa/order-process-go/microservices/order-service/cmd/cmd/root.go:31.16,33.3 1 0
github.com/booscaa/order-process-go/microservices/order-service/cmd/cmd/root.go:36.13,46.2 1 0
github.com/booscaa/order-process-go/microservices/order-service/cmd/cmd/serve.go:26.47,38.3 7 0
github.com/booscaa/order-process-go/microservices/order-service/cmd/cmd/serve.go:41.13,44.2 1 0
github.com/booscaa/order-process-go/microservices/order-service/internal/adapter/http/rest/ordercontroller/create.go:11.91,15.16 3 0
github.com/booscaa/order-process-go/microservices/order-service/internal/adapter/http/rest/ordercontroller/create.go:15.16,18.3 2 0
github.com/booscaa/order-process-go/microservices/order-service/internal/adapter/http/rest/ordercontroller/create.go:20.2,21.16 2 0
github.com/booscaa/order-process-go/microservices/order-service/internal/adapter/http/rest/ordercontroller/create.go:21.16,24.3 2 0
github.com/booscaa/order-process-go/microservices/order-service/internal/adapter/http/rest/ordercontroller/create.go:26.2,26.42 1 0
github.com/booscaa/order-process-go/microservices/order-service/internal/adapter/http/rest/ordercontroller/new.go:11.62,15.2 1 0
github.com/booscaa/order-process-go/microservices/order-service/internal/adapter/database/postgres/postgres.go:29.50,30.39 1 0
github.com/booscaa/order-process-go/microservices/order-service/internal/adapter/database/postgres/postgres.go:30.39,32.3 1 0
github.com/booscaa/order-process-go/microservices/order-service/internal/adapter/database/postgres/postgres.go:35.45,36.39 1 0
github.com/booscaa/order-process-go/microservices/order-service/internal/adapter/database/postgres/postgres.go:36.39,38.3 1 0
github.com/booscaa/order-process-go/microservices/order-service/internal/adapter/database/postgres/postgres.go:41.48,42.39 1 0
github.com/booscaa/order-process-go/microservices/order-service/internal/adapter/database/postgres/postgres.go:42.39,44.3 1 0
github.com/booscaa/order-process-go/microservices/order-service/internal/adapter/database/postgres/postgres.go:47.48,48.39 1 0
github.com/booscaa/order-process-go/microservices/order-service/internal/adapter/database/postgres/postgres.go:48.39,50.3 1 0
github.com/booscaa/order-process-go/microservices/order-service/internal/adapter/database/postgres/postgres.go:53.61,54.39 1 0
github.com/booscaa/order-process-go/microservices/order-service/internal/adapter/database/postgres/postgres.go:54.39,56.3 1 0
github.com/booscaa/order-process-go/microservices/order-service/internal/adapter/database/postgres/postgres.go:59.47,60.39 1 0
github.com/booscaa/order-process-go/microservices/order-service/internal/adapter/database/postgres/postgres.go:60.39,62.3 1 0
github.com/booscaa/order-process-go/microservices/order-service/internal/adapter/database/postgres/postgres.go:66.50,73.27 2 0
github.com/booscaa/order-process-go/microservices/order-service/internal/adapter/database/postgres/postgres.go:73.27,75.3 1 0
github.com/booscaa/order-process-go/microservices/order-service/internal/adapter/database/postgres/postgres.go:77.2,79.16 2 0
github.com/booscaa/order-process-go/microservices/order-service/internal/adapter/database/postgres/postgres.go:79.16,82.3 2 0
github.com/booscaa/order-process-go/microservices/order-service/internal/adapter/database/postgres/postgres.go:84.2,88.35 4 0
github.com/booscaa/order-process-go/microservices/order-service/internal/adapter/database/postgres/postgres.go:88.35,90.3 1 0
github.com/booscaa/order-process-go/microservices/order-service/internal/adapter/database/postgres/postgres.go:92.2,92.11 1 0
github.com/booscaa/order-process-go/microservices/order-service/internal/adapter/database/postgres/postgres.go:95.40,97.16 2 0
github.com/booscaa/order-process-go/microservices/order-service/internal/adapter/database/postgres/postgres.go:97.16,99.3 1 0
github.com/booscaa/order-process-go/microservices/order-service/internal/adapter/database/postgres/postgres.go:101.2,101.31 1 0
github.com/booscaa/order-process-go/microservices/order-service/internal/adapter/database/postgres/postgres.go:101.31,103.3 1 0
github.com/booscaa/order-process-go/microservices/order-service/internal/adapter/kafka/kafka.go:5.48,11.2 1 0
github.com/booscaa/order-process-go/microservices/order-service/internal/adapter/http/rest/ordercontroller/database/orderdbrepository/create.go:11.109,22.16 4 0
github.com/booscaa/order-process-go/microservices/order-service/internal/adapter/http/rest/ordercontroller/database/orderdbrepository/create.go:22.16,24.3 1 0
github.com/booscaa/order-process-go/microservices/order-service/internal/adapter/http/rest/ordercontroller/database/orderdbrepository/create.go:26.2,26.27 1 0
github.com/booscaa/order-process-go/microservices/order-service/internal/adapter/http/rest/ordercontroller/database/orderdbrepository/new.go:13.54,15.2 1 0
github.com/booscaa/order-process-go/microservices/order-service/internal/adapter/kafka/orderqueuerepository/new.go:17.102,19.16 2 0
github.com/booscaa/order-process-go/microservices/order-service/internal/adapter/kafka/orderqueuerepository/new.go:19.16,21.3 1 0
github.com/booscaa/order-process-go/microservices/order-service/internal/adapter/kafka/orderqueuerepository/new.go:23.2,29.16 4 0
github.com/booscaa/order-process-go/microservices/order-service/internal/adapter/kafka/orderqueuerepository/new.go:29.16,31.3 1 0
github.com/booscaa/order-process-go/microservices/order-service/internal/adapter/kafka/orderqueuerepository/new.go:33.2,33.12 1 0
github.com/booscaa/order-process-go/microservices/order-service/internal/adapter/kafka/orderqueuerepository/new.go:36.65,38.2 1 0
github.com/booscaa/order-process-go/microservices/order-service/internal/di/order.go:16.26,23.2 5 0
